// Jest Snapshot v1, https://goo.gl/fbAQLP

exports[`matches snapshot 1`] = `
<DocumentFragment>
  <div
    style="height: 10px; width: 10px; color: rgb(0, 0, 0);"
  >
    <button>
      X
    </button>
  </div>
</DocumentFragment>
`;
