// Jest Snapshot v1, https://goo.gl/fbAQLP

exports[`matches snapshot 1`] = `
<DocumentFragment>
  <div>
    <form>
      <label
        for="width"
      >
        Width:
      </label>
      <input
        id="width"
        max="500"
        min="1"
        name="width"
        placeholder="1"
        type="number"
        value="1"
      />
      <label
        for="height"
      >
        Height:
      </label>
      <input
        id="height"
        max="500"
        min="1"
        name="height"
        placeholder="1"
        type="number"
        value="1"
      />
      <label
        for="backgroundColor"
      >
        Color:
      </label>
      <input
        id="backgroundColor"
        name="backgroundColor"
        type="color"
        value="#000000"
      />
      <button>
        Create Box
      </button>
    </form>
  </div>
</DocumentFragment>
`;
